// Jest Snapshot v1, https://goo.gl/fbAQLP

exports[`pruebas en todolist debe de mostrarse correctamente  1`] = `
<ul
  className="list-group list-group-flush"
>
  <TodoListItem
    handleDelete={[MockFunction]}
    handleToggle={[MockFunction]}
    index={0}
    key="1"
    task={
      Object {
        "desc": "aprender React",
        "done": false,
        "id": 1,
      }
    }
  />
  <TodoListItem
    handleDelete={[MockFunction]}
    handleToggle={[MockFunction]}
    index={1}
    key="2"
    task={
      Object {
        "desc": "aprender mongo",
        "done": false,
        "id": 2,
      }
    }
  />
</ul>
`;
